MPLINK 5.09, LINKER
Linker Map File - Created Sun Aug 01 13:37:29 2021

                                 Section Info
                  Section       Type    Address   Location Size(Bytes)
                ---------  ---------  ---------  ---------  ---------
                   .org_0       code   0x000000    program   0x0000ca
                   .cinit    romdata   0x0000ca    program   0x000002
.config_300000_BUILD/DEFAULT/PRODUCTION/IO_ADC.    romdata   0x300000    program   0x000001
.config_300001_BUILD/DEFAULT/PRODUCTION/IO_ADC.    romdata   0x300001    program   0x000001
.config_300002_BUILD/DEFAULT/PRODUCTION/IO_ADC.    romdata   0x300002    program   0x000001
.config_300003_BUILD/DEFAULT/PRODUCTION/IO_ADC.    romdata   0x300003    program   0x000001
.config_300005_BUILD/DEFAULT/PRODUCTION/IO_ADC.    romdata   0x300005    program   0x000001
.config_300006_BUILD/DEFAULT/PRODUCTION/IO_ADC.    romdata   0x300006    program   0x000001
.config_300008_BUILD/DEFAULT/PRODUCTION/IO_ADC.    romdata   0x300008    program   0x000001
.config_300009_BUILD/DEFAULT/PRODUCTION/IO_ADC.    romdata   0x300009    program   0x000001
.config_30000A_BUILD/DEFAULT/PRODUCTION/IO_ADC.    romdata   0x30000a    program   0x000001
.config_30000B_BUILD/DEFAULT/PRODUCTION/IO_ADC.    romdata   0x30000b    program   0x000001
.config_30000C_BUILD/DEFAULT/PRODUCTION/IO_ADC.    romdata   0x30000c    program   0x000001
.config_30000D_BUILD/DEFAULT/PRODUCTION/IO_ADC.    romdata   0x30000d    program   0x000001



                              Program Memory Usage 
                               Start         End      
                           ---------   ---------      
                            0x000000    0x0000cb      
                            0x300000    0x300003      
                            0x300005    0x300006      
                            0x300008    0x30000d      
            216 out of 33048 program addresses used, program memory utilization is 0%



                              Symbols - Sorted by Name
                     Name    Address   Location    Storage File                     
                ---------  ---------  ---------  --------- ---------                
                      ADC   0x000034    program     static F:\Electronics\ASM\PIC18F4550\ADC.X\IO_ADC.asm
                    BUCLE   0x00008c    program     static F:\Electronics\ASM\PIC18F4550\ADC.X\Retardo.inc
              BUCLE_milis   0x00005c    program     static F:\Electronics\ASM\PIC18F4550\ADC.X\Retardo.inc
                    Bucle   0x0000be    program     static F:\Electronics\ASM\PIC18F4550\ADC.X\Retardo.inc
                   INICIO   0x000004    program     static F:\Electronics\ASM\PIC18F4550\ADC.X\IO_ADC.asm
            Retardo_100us   0x00009a    program     static F:\Electronics\ASM\PIC18F4550\ADC.X\Retardo.inc
             Retardo_10us   0x0000ae    program     static F:\Electronics\ASM\PIC18F4550\ADC.X\Retardo.inc
              Retardo_1ms   0x00006c    program     static F:\Electronics\ASM\PIC18F4550\ADC.X\Retardo.inc
              Retardo_1us   0x0000c6    program     static F:\Electronics\ASM\PIC18F4550\ADC.X\Retardo.inc
            Retardo_200us   0x000078    program     static F:\Electronics\ASM\PIC18F4550\ADC.X\Retardo.inc
             Retardo_20ms   0x00004a    program     static F:\Electronics\ASM\PIC18F4550\ADC.X\Retardo.inc
             Retardo_20us   0x0000a8    program     static F:\Electronics\ASM\PIC18F4550\ADC.X\Retardo.inc
            Retardo_300us   0x00007e    program     static F:\Electronics\ASM\PIC18F4550\ADC.X\Retardo.inc
            Retardo_500us   0x000084    program     static F:\Electronics\ASM\PIC18F4550\ADC.X\Retardo.inc
             Retardo_50us   0x0000a2    program     static F:\Electronics\ASM\PIC18F4550\ADC.X\Retardo.inc
              Retardo_5ms   0x000050    program     static F:\Electronics\ASM\PIC18F4550\ADC.X\Retardo.inc
              Retardo_5us   0x0000b6    program     static F:\Electronics\ASM\PIC18F4550\ADC.X\Retardo.inc
           Retardo_Micros   0x000088    program     static F:\Electronics\ASM\PIC18F4550\ADC.X\Retardo.inc
            Retardo_Milis   0x000058    program     static F:\Electronics\ASM\PIC18F4550\ADC.X\Retardo.inc
           Retardo_micros   0x0000bc    program     static F:\Electronics\ASM\PIC18F4550\ADC.X\Retardo.inc
                 Retardos   0x000086    program     static F:\Electronics\ASM\PIC18F4550\ADC.X\Retardo.inc
              Retardos_ms   0x000056    program     static F:\Electronics\ASM\PIC18F4550\ADC.X\Retardo.inc
                    START   0x000032    program     static F:\Electronics\ASM\PIC18F4550\ADC.X\IO_ADC.asm



                              Symbols - Sorted by Address
                     Name    Address   Location    Storage File                     
                ---------  ---------  ---------  --------- ---------                
                   INICIO   0x000004    program     static F:\Electronics\ASM\PIC18F4550\ADC.X\IO_ADC.asm
                    START   0x000032    program     static F:\Electronics\ASM\PIC18F4550\ADC.X\IO_ADC.asm
                      ADC   0x000034    program     static F:\Electronics\ASM\PIC18F4550\ADC.X\IO_ADC.asm
             Retardo_20ms   0x00004a    program     static F:\Electronics\ASM\PIC18F4550\ADC.X\Retardo.inc
              Retardo_5ms   0x000050    program     static F:\Electronics\ASM\PIC18F4550\ADC.X\Retardo.inc
              Retardos_ms   0x000056    program     static F:\Electronics\ASM\PIC18F4550\ADC.X\Retardo.inc
            Retardo_Milis   0x000058    program     static F:\Electronics\ASM\PIC18F4550\ADC.X\Retardo.inc
              BUCLE_milis   0x00005c    program     static F:\Electronics\ASM\PIC18F4550\ADC.X\Retardo.inc
              Retardo_1ms   0x00006c    program     static F:\Electronics\ASM\PIC18F4550\ADC.X\Retardo.inc
            Retardo_200us   0x000078    program     static F:\Electronics\ASM\PIC18F4550\ADC.X\Retardo.inc
            Retardo_300us   0x00007e    program     static F:\Electronics\ASM\PIC18F4550\ADC.X\Retardo.inc
            Retardo_500us   0x000084    program     static F:\Electronics\ASM\PIC18F4550\ADC.X\Retardo.inc
                 Retardos   0x000086    program     static F:\Electronics\ASM\PIC18F4550\ADC.X\Retardo.inc
           Retardo_Micros   0x000088    program     static F:\Electronics\ASM\PIC18F4550\ADC.X\Retardo.inc
                    BUCLE   0x00008c    program     static F:\Electronics\ASM\PIC18F4550\ADC.X\Retardo.inc
            Retardo_100us   0x00009a    program     static F:\Electronics\ASM\PIC18F4550\ADC.X\Retardo.inc
             Retardo_50us   0x0000a2    program     static F:\Electronics\ASM\PIC18F4550\ADC.X\Retardo.inc
             Retardo_20us   0x0000a8    program     static F:\Electronics\ASM\PIC18F4550\ADC.X\Retardo.inc
             Retardo_10us   0x0000ae    program     static F:\Electronics\ASM\PIC18F4550\ADC.X\Retardo.inc
              Retardo_5us   0x0000b6    program     static F:\Electronics\ASM\PIC18F4550\ADC.X\Retardo.inc
           Retardo_micros   0x0000bc    program     static F:\Electronics\ASM\PIC18F4550\ADC.X\Retardo.inc
                    Bucle   0x0000be    program     static F:\Electronics\ASM\PIC18F4550\ADC.X\Retardo.inc
              Retardo_1us   0x0000c6    program     static F:\Electronics\ASM\PIC18F4550\ADC.X\Retardo.inc


